%!Adobe-FontList 1.20
%Locale:0x409

%BeginFont
Handler:DirectoryHandler
FontType:TrueType
FontName:Ebrima-Bold
FamilyName:Ebrima
StyleName:Bold
FullName:Ebrima Bold
MenuName:Ebrima
StyleBits:2
WritingScript:Roman
OutlineFileName:C:\Users\malak\OneDrive\Desktop\busnisse card 2\Document fonts\ebrimabd.ttf
DataFormat:sfntData
hasSVG:no
VariableFontType:NonVariableFont
FileLength:1026388
FileModTime:1711959728
WeightClass:700
WidthClass:5
AngleClass:0
NameArray:0,Win,1,Ebrima
%EndFont

%BeginFont
Handler:DirectoryHandler
FontType:Type1
FontName:MinionPro-Regular
FamilyName:Minion Pro
StyleName:Regular
FullName:Minion Pro
MenuName:Minion Pro
StyleBits:0
WritingScript:Roman
OutlineFileName:C:\Users\malak\OneDrive\Desktop\busnisse card 2\Document fonts\MinionPro-Regular.otf
DataFormat:sfntData
UsesStandardEncoding:yes
isCFF:yes
hasSVG:no
VariableFontType:NonVariableFont
FileLength:218640
FileModTime:1746803666
WeightClass:400
WidthClass:5
AngleClass:0
DesignSize:110
NameArray:0,Mac,4,Minion Pro
NameArray:0,Win,1,Minion Pro
%EndFont

