%!Adobe-FontList 1.20
%Locale:0x409

%BeginFont
Handler:DirectoryHandler
FontType:TrueType
FontName:ArialMT
FamilyName:Arial
StyleName:Regular
FullName:Arial
MenuName:Arial
StyleBits:0
WritingScript:Roman
OutlineFileName:C:\Users\malak\OneDrive\Desktop\cataloguef\Document fonts\arial.ttf
DataFormat:sfntData
hasSVG:no
VariableFontType:NonVariableFont
FileLength:1047208
FileModTime:1711959727
WeightClass:400
WidthClass:5
AngleClass:0
NameArray:0,Mac,4,Arial
NameArray:0,Win,1,Arial
%EndFont

%BeginFont
Handler:DirectoryHandler
FontType:TrueType
FontName:Bauhaus93
FamilyName:Bauhaus 93
StyleName:Regular
FullName:Bauhaus 93
MenuName:Bauhaus 93
StyleBits:0
WritingScript:Roman
OutlineFileName:C:\Users\malak\OneDrive\Desktop\cataloguef\Document fonts\BAUHS93.TTF
DataFormat:sfntData
hasSVG:no
VariableFontType:NonVariableFont
FileLength:47644
FileModTime:1716485521
WeightClass:400
WidthClass:5
AngleClass:0
NameArray:0,Mac,4,Bauhaus 93
NameArray:0,Win,1,Bauhaus 93
%EndFont

%BeginFont
Handler:DirectoryHandler
FontType:TrueType
FontName:FranklinGothic-Heavy
FamilyName:Franklin Gothic Heavy
StyleName:Regular
FullName:Franklin Gothic Heavy
MenuName:Franklin Gothic Heavy
StyleBits:0
WritingScript:Roman
OutlineFileName:C:\Users\malak\OneDrive\Desktop\cataloguef\Document fonts\FRAHV.TTF
DataFormat:sfntData
hasSVG:no
VariableFontType:NonVariableFont
FileLength:139400
FileModTime:1716485521
WeightClass:400
WidthClass:5
AngleClass:0
NameArray:0,Mac,4,Franklin Gothic Heavy
NameArray:0,Win,1,Franklin Gothic Heavy
%EndFont

%BeginFont
Handler:DirectoryHandler
FontType:Type1
FontName:MinionPro-Regular
FamilyName:Minion Pro
StyleName:Regular
FullName:Minion Pro
MenuName:Minion Pro
StyleBits:0
WritingScript:Roman
OutlineFileName:C:\Users\malak\OneDrive\Desktop\cataloguef\Document fonts\MinionPro-Regular.otf
DataFormat:sfntData
UsesStandardEncoding:yes
isCFF:yes
hasSVG:no
VariableFontType:NonVariableFont
FileLength:218640
FileModTime:1746803664
WeightClass:400
WidthClass:5
AngleClass:0
DesignSize:110
NameArray:0,Mac,4,Minion Pro
NameArray:0,Win,1,Minion Pro
%EndFont

